Component: ARM Compiler 5.06 update 6 (build 750) Tool: armlink [4d35ed]

==============================================================================

Section Cross References

    portasm.o(PORT_ASM) refers to tasks.o(.data) for pxCurrentTCB
    portasm.o(PORT_ASM) refers to port.o(.data) for ulCriticalNesting
    portasm.o(PORT_ASM) refers to tasks.o(.text) for vTaskSwitchContext
    tasks.o(.text) refers to list.o(.text) for vListInitialise
    tasks.o(.text) refers to port.o(.text) for vPortEnterCritical
    tasks.o(.text) refers to portasm.o(PORT_ASM) for vPortYield
    tasks.o(.text) refers to heap_2.o(.text) for pvPortMalloc
    tasks.o(.text) refers to tasks.o(.bss) for pxReadyTasksLists
    tasks.o(.text) refers to tasks.o(.data) for pxDelayedTaskList
    tasks.o(.text) refers to tasks.o(i.__ARM_common_disable_irq) for __ARM_common_disable_irq
    tasks.o(.text) refers to tasks.o(i.__ARM_common_switch8) for __ARM_common_switch8
    queue.o(.text) refers to port.o(.text) for vPortEnterCritical
    queue.o(.text) refers to tasks.o(.text) for xTaskRemoveFromEventList
    queue.o(.text) refers to portasm.o(PORT_ASM) for vPortYield
    queue.o(.text) refers to list.o(.text) for vListInitialise
    queue.o(.text) refers to heap_2.o(.text) for pvPortMalloc
    queue.o(.text) refers to rt_memcpy.o(.text) for __aeabi_memcpy
    port.o(.text) refers to portasm.o(PORT_ASM) for vPortStartFirstTask
    port.o(.text) refers to tasks.o(i.__ARM_common_disable_irq) for __ARM_common_disable_irq
    port.o(.text) refers to port.o(i.__ARM_common_enable_irq) for __ARM_common_enable_irq
    port.o(.text) refers to port.o(.data) for ulCriticalNesting
    heap_2.o(.text) refers to tasks.o(.text) for vTaskSuspendAll
    heap_2.o(.text) refers to heap_2.o(.bss) for ucHeap
    heap_2.o(.text) refers to heap_2.o(.data) for xStart
    startup.o(STACK) refers (Special) to heapauxi.o(.text) for __use_two_region_memory
    startup.o(HEAP) refers (Special) to heapauxi.o(.text) for __use_two_region_memory
    startup.o(RESET) refers (Special) to heapauxi.o(.text) for __use_two_region_memory
    startup.o(RESET) refers to portasm.o(PORT_ASM) for vPortYieldProcessor
    startup.o(RESET) refers to startup.o(STACK) for Stack_Top
    startup.o(RESET) refers to __main.o(!!!main) for __main
    startup.o(.text) refers (Special) to heapauxi.o(.text) for __use_two_region_memory
    startup.o(.text) refers to startup.o(HEAP) for Heap_Mem
    startup.o(.text) refers to startup.o(STACK) for Stack_Mem
    serialisr.o(.text) refers to port.o(.data) for ulCriticalNesting
    serialisr.o(.text) refers to tasks.o(.data) for pxCurrentTCB
    serialisr.o(.text) refers to serial.o(.text) for vUART_ISRHandler
    gpio.o(.text) refers to gpio_cfg.o(.data) for PinConfig_array
    main.o(.text) refers to _printf_percent.o(.ARM.Collect$$_printf_percent$$00000000) for _printf_percent
    main.o(.text) refers to _printf_d.o(.ARM.Collect$$_printf_percent$$00000009) for _printf_d
    main.o(.text) refers to _printf_dec.o(.text) for _printf_int_dec
    main.o(.text) refers to queue.o(.text) for xQueueReceive
    main.o(.text) refers to noretval__2sprintf.o(.text) for __2sprintf
    main.o(.text) refers to aeabi_sdiv.o(.text) for __aeabi_idivmod
    main.o(.text) refers to strlen.o(.text) for strlen
    main.o(.text) refers to serial.o(.text) for vSerialPutString
    main.o(.text) refers to gpio.o(.text) for GPIO_read
    main.o(.text) refers to tasks.o(.text) for vTaskDelay
    main.o(.text) refers to main.o(.constdata) for .constdata
    main.o(.text) refers to main.o(.data) for gl_uart_queue
    main.o(.constdata) refers to main.o(.conststring) for .conststring
    serial.o(.text) refers to aeabi_sdiv.o(.text_udiv) for __aeabi_uidivmod
    serial.o(.text) refers to serialisr.o(.text) for vUART_ISREntry
    serial.o(.text) refers to serial.o(.data) for isNewCharAvailable
    serial.o(.text) refers to serial.o(.bss) for txBuffer
    __2sprintf.o(.text) refers to _printf_char_common.o(.text) for _printf_char_common
    __2sprintf.o(.text) refers to _sputc.o(.text) for _sputc
    noretval__2sprintf.o(.text) refers to _printf_char_common.o(.text) for _printf_char_common
    noretval__2sprintf.o(.text) refers to _sputc.o(.text) for _sputc
    __printf.o(.text) refers to __printf.o(i.__ARM_common_call_via_r1) for __ARM_common_call_via_r1
    __printf.o(.text) refers to _printf_percent.o(.ARM.Collect$$_printf_percent$$00000000) for _printf_percent
    __printf.o(.text) refers to __printf.o(i.__ARM_common_call_via_r2) for __ARM_common_call_via_r2
    _printf_dec.o(.text) refers to rtudiv10.o(.text) for __rt_udiv10
    _printf_dec.o(.text) refers to _printf_intcommon.o(.text) for _printf_int_common
    __printf_flags.o(.text) refers to __printf.o(i.__ARM_common_call_via_r1) for __ARM_common_call_via_r1
    __printf_flags.o(.text) refers to _printf_percent.o(.ARM.Collect$$_printf_percent$$00000000) for _printf_percent
    __printf_flags.o(.text) refers to __printf.o(i.__ARM_common_call_via_r2) for __ARM_common_call_via_r2
    __printf_flags.o(.text) refers to __printf_flags.o(.constdata) for .constdata
    __printf_ss.o(.text) refers to __printf.o(i.__ARM_common_call_via_r1) for __ARM_common_call_via_r1
    __printf_ss.o(.text) refers to _printf_percent.o(.ARM.Collect$$_printf_percent$$00000000) for _printf_percent
    __printf_ss.o(.text) refers to __printf.o(i.__ARM_common_call_via_r2) for __ARM_common_call_via_r2
    __printf_flags_ss.o(.text) refers to __printf.o(i.__ARM_common_call_via_r1) for __ARM_common_call_via_r1
    __printf_flags_ss.o(.text) refers to _printf_percent.o(.ARM.Collect$$_printf_percent$$00000000) for _printf_percent
    __printf_flags_ss.o(.text) refers to __printf.o(i.__ARM_common_call_via_r2) for __ARM_common_call_via_r2
    __printf_flags_ss.o(.text) refers to __printf_flags_ss.o(.constdata) for .constdata
    __printf_wp.o(.text) refers to __printf.o(i.__ARM_common_call_via_r1) for __ARM_common_call_via_r1
    __printf_wp.o(.text) refers to __printf_wp.o(i._is_digit) for _is_digit
    __printf_wp.o(.text) refers to _printf_percent.o(.ARM.Collect$$_printf_percent$$00000000) for _printf_percent
    __printf_wp.o(.text) refers to __printf.o(i.__ARM_common_call_via_r2) for __ARM_common_call_via_r2
    __printf_flags_wp.o(.text) refers to __printf.o(i.__ARM_common_call_via_r1) for __ARM_common_call_via_r1
    __printf_flags_wp.o(.text) refers to __printf_wp.o(i._is_digit) for _is_digit
    __printf_flags_wp.o(.text) refers to _printf_percent.o(.ARM.Collect$$_printf_percent$$00000000) for _printf_percent
    __printf_flags_wp.o(.text) refers to __printf.o(i.__ARM_common_call_via_r2) for __ARM_common_call_via_r2
    __printf_flags_wp.o(.text) refers to __printf_flags_wp.o(.constdata) for .constdata
    __printf_ss_wp.o(.text) refers to __printf.o(i.__ARM_common_call_via_r1) for __ARM_common_call_via_r1
    __printf_ss_wp.o(.text) refers to __printf_wp.o(i._is_digit) for _is_digit
    __printf_ss_wp.o(.text) refers to _printf_percent.o(.ARM.Collect$$_printf_percent$$00000000) for _printf_percent
    __printf_ss_wp.o(.text) refers to __printf.o(i.__ARM_common_call_via_r2) for __ARM_common_call_via_r2
    __printf_flags_ss_wp.o(.text) refers to __printf.o(i.__ARM_common_call_via_r1) for __ARM_common_call_via_r1
    __printf_flags_ss_wp.o(.text) refers to __printf_wp.o(i._is_digit) for _is_digit
    __printf_flags_ss_wp.o(.text) refers to _printf_percent.o(.ARM.Collect$$_printf_percent$$00000000) for _printf_percent
    __printf_flags_ss_wp.o(.text) refers to __printf.o(i.__ARM_common_call_via_r2) for __ARM_common_call_via_r2
    __printf_flags_ss_wp.o(.text) refers to __printf_flags_ss_wp.o(.constdata) for .constdata
    _printf_d.o(.ARM.Collect$$_printf_percent$$00000009) refers (Weak) to _printf_dec.o(.text) for _printf_int_dec
    _printf_percent.o(.ARM.Collect$$_printf_percent$$00000000) refers (Special) to _printf_percent_end.o(.ARM.Collect$$_printf_percent$$00000017) for _printf_percent_end
    rt_memcpy.o(.text) refers to rt_memcpy_w.o(.text) for __aeabi_memcpy4
    aeabi_sdiv.o(.text_udiv) refers to aeabi_sdiv.o(.text) for __arm_div2
    aeabi_sdiv_div0.o(.text_udiv) refers to aeabi_sdiv_div0.o(.text) for __arm_div2
    __main.o(!!!main) refers to __rtentry.o(.ARM.Collect$$rtentry$$00000000) for __rt_entry
    __rtentry.o(.ARM.Collect$$rtentry$$00000000) refers (Special) to __rtentry2.o(.ARM.Collect$$rtentry$$0000000A) for __rt_entry_li
    __rtentry.o(.ARM.Collect$$rtentry$$00000000) refers (Special) to __rtentry2.o(.ARM.Collect$$rtentry$$0000000D) for __rt_entry_main
    __rtentry.o(.ARM.Collect$$rtentry$$00000000) refers (Special) to __rtentry2.o(.ARM.Collect$$rtentry$$0000000C) for __rt_entry_postli_1
    __rtentry.o(.ARM.Collect$$rtentry$$00000000) refers (Special) to __rtentry2.o(.ARM.Collect$$rtentry$$00000009) for __rt_entry_postsh_1
    __rtentry.o(.ARM.Collect$$rtentry$$00000000) refers (Special) to __rtentry2.o(.ARM.Collect$$rtentry$$00000002) for __rt_entry_presh_1
    __rtentry.o(.ARM.Collect$$rtentry$$00000000) refers (Special) to __rtentry4.o(.ARM.Collect$$rtentry$$00000004) for __rt_entry_sh
    aeabi_idiv0_sigfpe.o(.text) refers to rt_div0.o(.text) for __rt_div0
    _printf_intcommon.o(.text) refers to __printf.o(i.__ARM_common_call_via_r2) for __ARM_common_call_via_r2
    _printf_char_common.o(.text) refers to __printf.o(.text) for __printf
    __rtentry2.o(.ARM.Collect$$rtentry$$00000008) refers to boardinit2.o(.text) for _platform_post_stackheap_init
    __rtentry2.o(.ARM.Collect$$rtentry$$0000000A) refers to libinit.o(.ARM.Collect$$libinit$$00000000) for __rt_lib_init
    __rtentry2.o(.ARM.Collect$$rtentry$$0000000B) refers to boardinit3.o(.text) for _platform_post_lib_init
    __rtentry2.o(.ARM.Collect$$rtentry$$0000000D) refers to exit.o(.text) for exit
    __rtentry2.o(.ARM.Collect$$rtentry$$0000000D) refers to main.o(.text) for main
    __rtentry2.o(.ARM.exidx) refers to __rtentry2.o(.ARM.Collect$$rtentry$$00000001) for .ARM.Collect$$rtentry$$00000001
    __rtentry2.o(.ARM.exidx) refers to __rtentry2.o(.ARM.Collect$$rtentry$$00000008) for .ARM.Collect$$rtentry$$00000008
    __rtentry2.o(.ARM.exidx) refers to __rtentry2.o(.ARM.Collect$$rtentry$$0000000A) for .ARM.Collect$$rtentry$$0000000A
    __rtentry2.o(.ARM.exidx) refers to __rtentry2.o(.ARM.Collect$$rtentry$$0000000B) for .ARM.Collect$$rtentry$$0000000B
    __rtentry2.o(.ARM.exidx) refers to __rtentry2.o(.ARM.Collect$$rtentry$$0000000D) for .ARM.Collect$$rtentry$$0000000D
    __rtentry4.o(.ARM.Collect$$rtentry$$00000004) refers to sys_stackheap_outer.o(.text) for __user_setup_stackheap
    __rtentry4.o(.ARM.exidx) refers to __rtentry4.o(.ARM.Collect$$rtentry$$00000004) for .ARM.Collect$$rtentry$$00000004
    rt_div0.o(.text) refers to defsig_fpe_outer.o(.text) for __rt_SIGFPE
    __printf_nopercent.o(.text) refers to __printf_nopercent.o(i.__ARM_common_call_via_r7) for __ARM_common_call_via_r7
    __printf_nopercent.o(.text) refers to __printf_nopercent.o(i.__ARM_common_call_via_r5) for __ARM_common_call_via_r5
    sys_stackheap_outer.o(.text) refers to libspace.o(.text) for __user_perproc_libspace
    sys_stackheap_outer.o(.text) refers to startup.o(.text) for __user_initial_stackheap
    exit.o(.text) refers to rtexit.o(.ARM.Collect$$rtexit$$00000000) for __rt_exit
    defsig_fpe_outer.o(.text) refers to defsig_fpe_inner.o(.text) for __rt_SIGFPE_inner
    defsig_fpe_outer.o(.text) refers to defsig_exit.o(.text) for __sig_exit
    defsig_fpe_formal.o(.text) refers to rt_raise.o(.text) for __rt_raise
    libinit.o(.ARM.Collect$$libinit$$00000000) refers (Special) to libinit2.o(.ARM.Collect$$libinit$$0000002E) for __rt_lib_init_alloca_1
    libinit.o(.ARM.Collect$$libinit$$00000000) refers (Special) to libinit2.o(.ARM.Collect$$libinit$$0000002C) for __rt_lib_init_argv_1
    libinit.o(.ARM.Collect$$libinit$$00000000) refers (Special) to libinit2.o(.ARM.Collect$$libinit$$0000001B) for __rt_lib_init_atexit_1
    libinit.o(.ARM.Collect$$libinit$$00000000) refers (Special) to libinit2.o(.ARM.Collect$$libinit$$00000021) for __rt_lib_init_clock_1
    libinit.o(.ARM.Collect$$libinit$$00000000) refers (Special) to libinit2.o(.ARM.Collect$$libinit$$00000032) for __rt_lib_init_cpp_1
    libinit.o(.ARM.Collect$$libinit$$00000000) refers (Special) to libinit2.o(.ARM.Collect$$libinit$$00000030) for __rt_lib_init_exceptions_1
    libinit.o(.ARM.Collect$$libinit$$00000000) refers (Special) to libinit2.o(.ARM.Collect$$libinit$$00000002) for __rt_lib_init_fp_1
    libinit.o(.ARM.Collect$$libinit$$00000000) refers (Special) to libinit2.o(.ARM.Collect$$libinit$$0000001F) for __rt_lib_init_fp_trap_1
    libinit.o(.ARM.Collect$$libinit$$00000000) refers (Special) to libinit2.o(.ARM.Collect$$libinit$$00000023) for __rt_lib_init_getenv_1
    libinit.o(.ARM.Collect$$libinit$$00000000) refers (Special) to libinit2.o(.ARM.Collect$$libinit$$0000000A) for __rt_lib_init_heap_1
    libinit.o(.ARM.Collect$$libinit$$00000000) refers (Special) to libinit2.o(.ARM.Collect$$libinit$$00000011) for __rt_lib_init_lc_collate_1
    libinit.o(.ARM.Collect$$libinit$$00000000) refers (Special) to libinit2.o(.ARM.Collect$$libinit$$00000013) for __rt_lib_init_lc_ctype_1
    libinit.o(.ARM.Collect$$libinit$$00000000) refers (Special) to libinit2.o(.ARM.Collect$$libinit$$00000015) for __rt_lib_init_lc_monetary_1
    libinit.o(.ARM.Collect$$libinit$$00000000) refers (Special) to libinit2.o(.ARM.Collect$$libinit$$00000017) for __rt_lib_init_lc_numeric_1
    libinit.o(.ARM.Collect$$libinit$$00000000) refers (Special) to libinit2.o(.ARM.Collect$$libinit$$00000019) for __rt_lib_init_lc_time_1
    libinit.o(.ARM.Collect$$libinit$$00000000) refers (Special) to libinit2.o(.ARM.Collect$$libinit$$00000004) for __rt_lib_init_preinit_1
    libinit.o(.ARM.Collect$$libinit$$00000000) refers (Special) to libinit2.o(.ARM.Collect$$libinit$$0000000E) for __rt_lib_init_rand_1
    libinit.o(.ARM.Collect$$libinit$$00000000) refers (Special) to libinit2.o(.ARM.Collect$$libinit$$00000033) for __rt_lib_init_return
    libinit.o(.ARM.Collect$$libinit$$00000000) refers (Special) to libinit2.o(.ARM.Collect$$libinit$$0000001D) for __rt_lib_init_signal_1
    libinit.o(.ARM.Collect$$libinit$$00000000) refers (Special) to libinit2.o(.ARM.Collect$$libinit$$00000025) for __rt_lib_init_stdio_1
    libinit.o(.ARM.Collect$$libinit$$00000000) refers (Special) to libinit2.o(.ARM.Collect$$libinit$$0000000C) for __rt_lib_init_user_alloc_1
    libspace.o(.text) refers to libspace.o(.bss) for __libspace_start
    rtexit.o(.ARM.Collect$$rtexit$$00000000) refers (Special) to rtexit2.o(.ARM.Collect$$rtexit$$00000004) for __rt_exit_exit
    rtexit.o(.ARM.Collect$$rtexit$$00000000) refers (Special) to rtexit2.o(.ARM.Collect$$rtexit$$00000003) for __rt_exit_ls
    rtexit.o(.ARM.Collect$$rtexit$$00000000) refers (Special) to rtexit2.o(.ARM.Collect$$rtexit$$00000002) for __rt_exit_prels_1
    rtexit.o(.ARM.exidx) refers (Special) to rtexit2.o(.ARM.Collect$$rtexit$$00000004) for __rt_exit_exit
    rtexit.o(.ARM.exidx) refers (Special) to rtexit2.o(.ARM.Collect$$rtexit$$00000003) for __rt_exit_ls
    rtexit.o(.ARM.exidx) refers (Special) to rtexit2.o(.ARM.Collect$$rtexit$$00000002) for __rt_exit_prels_1
    rtexit.o(.ARM.exidx) refers to rtexit.o(.ARM.Collect$$rtexit$$00000000) for .ARM.Collect$$rtexit$$00000000
    rt_raise.o(.text) refers to __raise.o(.text) for __raise
    rt_raise.o(.text) refers to sys_exit.o(.text) for _sys_exit
    defsig_exit.o(.text) refers to sys_exit.o(.text) for _sys_exit
    defsig_fpe_inner.o(.text) refers to defsig_general.o(.text) for __default_signal_display
    libinit2.o(.ARM.Collect$$libinit$$00000001) refers to fpinit.o(x$fpl$fpinit) for _fp_init
    libinit2.o(.ARM.Collect$$libinit$$00000010) refers to libinit2.o(.ARM.Collect$$libinit$$0000000F) for .ARM.Collect$$libinit$$0000000F
    libinit2.o(.ARM.Collect$$libinit$$00000012) refers to libinit2.o(.ARM.Collect$$libinit$$0000000F) for .ARM.Collect$$libinit$$0000000F
    libinit2.o(.ARM.Collect$$libinit$$00000014) refers to libinit2.o(.ARM.Collect$$libinit$$0000000F) for .ARM.Collect$$libinit$$0000000F
    libinit2.o(.ARM.Collect$$libinit$$00000016) refers to libinit2.o(.ARM.Collect$$libinit$$0000000F) for .ARM.Collect$$libinit$$0000000F
    libinit2.o(.ARM.Collect$$libinit$$00000018) refers to libinit2.o(.ARM.Collect$$libinit$$0000000F) for .ARM.Collect$$libinit$$0000000F
    libinit2.o(.ARM.Collect$$libinit$$00000026) refers to argv_veneer.o(.emb_text) for __ARM_argv_veneer
    libinit2.o(.ARM.Collect$$libinit$$00000027) refers to argv_veneer.o(.emb_text) for __ARM_argv_veneer
    sys_exit.o(.text) refers (Special) to use_no_semi.o(.text) for __I$use$semihosting
    sys_exit.o(.text) refers (Special) to indicate_semi.o(.text) for __semihosting_library_function
    rtexit2.o(.ARM.Collect$$rtexit$$00000003) refers to libshutdown.o(.ARM.Collect$$libshutdown$$00000000) for __rt_lib_shutdown
    rtexit2.o(.ARM.Collect$$rtexit$$00000004) refers to sys_exit.o(.text) for _sys_exit
    rtexit2.o(.ARM.exidx) refers to rtexit2.o(.ARM.Collect$$rtexit$$00000001) for .ARM.Collect$$rtexit$$00000001
    rtexit2.o(.ARM.exidx) refers to rtexit2.o(.ARM.Collect$$rtexit$$00000003) for .ARM.Collect$$rtexit$$00000003
    rtexit2.o(.ARM.exidx) refers to rtexit2.o(.ARM.Collect$$rtexit$$00000004) for .ARM.Collect$$rtexit$$00000004
    __raise.o(.text) refers to __printf.o(i.__ARM_common_call_via_r2) for __ARM_common_call_via_r2
    __raise.o(.text) refers to defsig.o(CL$$defsig) for __default_signal_handler
    defsig_general.o(.text) refers to sys_wrch.o(.text) for _ttywrch
    argv_veneer.o(.emb_text) refers to no_argv.o(.text) for __ARM_get_argv
    sys_wrch.o(.text) refers (Special) to use_no_semi.o(.text) for __I$use$semihosting
    sys_wrch.o(.text) refers (Special) to indicate_semi.o(.text) for __semihosting_library_function
    defsig.o(CL$$defsig) refers to defsig_fpe_inner.o(.text) for __rt_SIGFPE_inner
    defsig.o(CL$$defsig) refers to defsig_rtmem_inner.o(.text) for __rt_SIGRTMEM_inner
    _get_argv_nomalloc.o(.text) refers (Special) to hrguard.o(.text) for __heap_region$guard
    _get_argv_nomalloc.o(.text) refers to defsig_rtmem_outer.o(.text) for __rt_SIGRTMEM
    _get_argv_nomalloc.o(.text) refers to sys_command.o(.text) for _sys_command_string
    libshutdown.o(.ARM.Collect$$libshutdown$$00000000) refers (Special) to libshutdown2.o(.ARM.Collect$$libshutdown$$00000002) for __rt_lib_shutdown_cpp_1
    libshutdown.o(.ARM.Collect$$libshutdown$$00000000) refers (Special) to libshutdown2.o(.ARM.Collect$$libshutdown$$00000007) for __rt_lib_shutdown_fp_trap_1
    libshutdown.o(.ARM.Collect$$libshutdown$$00000000) refers (Special) to libshutdown2.o(.ARM.Collect$$libshutdown$$0000000F) for __rt_lib_shutdown_heap_1
    libshutdown.o(.ARM.Collect$$libshutdown$$00000000) refers (Special) to libshutdown2.o(.ARM.Collect$$libshutdown$$00000010) for __rt_lib_shutdown_return
    libshutdown.o(.ARM.Collect$$libshutdown$$00000000) refers (Special) to libshutdown2.o(.ARM.Collect$$libshutdown$$0000000A) for __rt_lib_shutdown_signal_1
    libshutdown.o(.ARM.Collect$$libshutdown$$00000000) refers (Special) to libshutdown2.o(.ARM.Collect$$libshutdown$$00000004) for __rt_lib_shutdown_stdio_1
    libshutdown.o(.ARM.Collect$$libshutdown$$00000000) refers (Special) to libshutdown2.o(.ARM.Collect$$libshutdown$$0000000C) for __rt_lib_shutdown_user_alloc_1
    sys_command.o(.text) refers (Special) to use_no_semi.o(.text) for __I$use$semihosting
    sys_command.o(.text) refers (Special) to indicate_semi.o(.text) for __semihosting_library_function
    defsig_abrt_inner.o(.text) refers to defsig_general.o(.text) for __default_signal_display
    defsig_rtred_inner.o(.text) refers to defsig_general.o(.text) for __default_signal_display
    defsig_rtmem_inner.o(.text) refers to defsig_general.o(.text) for __default_signal_display
    defsig_rtmem_outer.o(.text) refers to defsig_rtmem_inner.o(.text) for __rt_SIGRTMEM_inner
    defsig_rtmem_outer.o(.text) refers to defsig_exit.o(.text) for __sig_exit
    defsig_rtmem_formal.o(.text) refers to rt_raise.o(.text) for __rt_raise
    defsig_stak_inner.o(.text) refers to defsig_general.o(.text) for __default_signal_display
    defsig_pvfn_inner.o(.text) refers to defsig_general.o(.text) for __default_signal_display
    defsig_cppl_inner.o(.text) refers to defsig_general.o(.text) for __default_signal_display
    defsig_segv_inner.o(.text) refers to defsig_general.o(.text) for __default_signal_display
    defsig_other.o(.text) refers to defsig_general.o(.text) for __default_signal_display


==============================================================================

Removing Unused input sections from the image.

    Removing partest.o(.text), (80 bytes).

1 unused section(s) (total 80 bytes) removed from the image.

==============================================================================

Adding Veneers to the image

    Adding TA veneer (4 bytes, Inline) for call to '_printf_percent' from __printf.o(.text).
    Adding AT veneer (8 bytes, Inline) for call to '__rt_lib_init' from __rtentry2.o(.ARM.Collect$$rtentry$$0000000A).
    Adding AT veneer (8 bytes, Inline) for call to '__rt_lib_shutdown' from rtexit2.o(.ARM.Collect$$rtexit$$00000003).
    Adding TA veneer (4 bytes, Inline) for call to '__rt_exit' from exit.o(.text).
    Adding AT veneer (8 bytes, Inline) for call to '_printf_int_dec' from _printf_d.o(.ARM.Collect$$_printf_percent$$00000009).
    Adding TA veneer (4 bytes, Inline) for call to '__aeabi_memcpy' from queue.o(.text).
    Adding TA veneer (4 bytes, Inline) for call to '__aeabi_idivmod' from main.o(.text).
    Adding TA veneer (4 bytes, Inline) for call to '__rt_udiv10' from _printf_dec.o(.text).
    Adding AT veneer (8 bytes, Inline) for call to '_sys_exit' from rtexit2.o(.ARM.Collect$$rtexit$$00000004).
    Adding TA veneer (4 bytes, Inline) for call to '__aeabi_uidivmod' from serial.o(.text).
    Adding TA veneer (4 bytes, Inline) for call to 'vPortStartFirstTask' from port.o(.text).
    Adding TA veneer (8 bytes, Short) for call to 'vPortYield' from tasks.o(.text).
    Adding TA veneer (4 bytes, Inline) for call to '__ARM_common_disable_irq' from tasks.o(.text).
    Adding TA veneer (4 bytes, Inline) for call to '__ARM_common_enable_irq' from port.o(.text).
    Adding TA veneer (4 bytes, Inline) for call to '__ARM_common_switch8' from tasks.o(.text).

15 Veneer(s) (total 80 bytes) added to the image.

==============================================================================

Image Symbol Table

    Local Symbols

    Symbol Name                              Value     Ov Type        Size  Object(Section)

    RESET                                    0x00000000   Section      260  startup.o(RESET)
    ../clib/angel/boardlib.s                 0x00000000   Number         0  boardshut.o ABSOLUTE
    ../clib/angel/boardlib.s                 0x00000000   Number         0  boardinit2.o ABSOLUTE
    ../clib/angel/boardlib.s                 0x00000000   Number         0  boardinit3.o ABSOLUTE
    ../clib/angel/boardlib.s                 0x00000000   Number         0  boardinit1.o ABSOLUTE
    ../clib/angel/handlers.s                 0x00000000   Number         0  __scatter_copy.o ABSOLUTE
    ../clib/angel/handlers.s                 0x00000000   Number         0  __scatter_zi.o ABSOLUTE
    ../clib/angel/kernel.s                   0x00000000   Number         0  __rtentry4.o ABSOLUTE
    ../clib/angel/kernel.s                   0x00000000   Number         0  __rtentry2.o ABSOLUTE
    ../clib/angel/kernel.s                   0x00000000   Number         0  rtexit.o ABSOLUTE
    ../clib/angel/kernel.s                   0x00000000   Number         0  rtexit2.o ABSOLUTE
    ../clib/angel/kernel.s                   0x00000000   Number         0  __rtentry.o ABSOLUTE
    ../clib/angel/rt.s                       0x00000000   Number         0  aeabi_idiv0.o ABSOLUTE
    ../clib/angel/rt.s                       0x00000000   Number         0  aeabi_idiv0_sigfpe.o ABSOLUTE
    ../clib/angel/rt.s                       0x00000000   Number         0  rt_div0.o ABSOLUTE
    ../clib/angel/rt.s                       0x00000000   Number         0  rt_raise.o ABSOLUTE
    ../clib/angel/scatter.s                  0x00000000   Number         0  __scatter.o ABSOLUTE
    ../clib/angel/startup.s                  0x00000000   Number         0  __main.o ABSOLUTE
    ../clib/angel/sys.s                      0x00000000   Number         0  sys_stackheap_outer.o ABSOLUTE
    ../clib/angel/sys.s                      0x00000000   Number         0  libspace.o ABSOLUTE
    ../clib/angel/sys.s                      0x00000000   Number         0  indicate_semi.o ABSOLUTE
    ../clib/angel/sys.s                      0x00000000   Number         0  use_no_semi.o ABSOLUTE
    ../clib/angel/sysapp.c                   0x00000000   Number         0  sys_wrch.o ABSOLUTE
    ../clib/angel/sysapp.c                   0x00000000   Number         0  sys_command.o ABSOLUTE
    ../clib/angel/sysapp.c                   0x00000000   Number         0  sys_exit.o ABSOLUTE
    ../clib/armsys.c                         0x00000000   Number         0  _get_argv_nomalloc.o ABSOLUTE
    ../clib/armsys.c                         0x00000000   Number         0  no_argv.o ABSOLUTE
    ../clib/armsys.c                         0x00000000   Number         0  argv_veneer.o ABSOLUTE
    ../clib/armsys.c                         0x00000000   Number         0  argv_veneer.o ABSOLUTE
    ../clib/division.s                       0x00000000   Number         0  rtudiv10.o ABSOLUTE
    ../clib/division.s                       0x00000000   Number         0  aeabi_sdiv_div0.o ABSOLUTE
    ../clib/division.s                       0x00000000   Number         0  aeabi_sdiv.o ABSOLUTE
    ../clib/divrt.s                          0x00000000   Number         0  divrt_7tdmi.o ABSOLUTE
    ../clib/divrt.s                          0x00000000   Number         0  divrt_7tdmi_div0.o ABSOLUTE
    ../clib/heapalloc.c                      0x00000000   Number         0  hrguard.o ABSOLUTE
    ../clib/heapaux.c                        0x00000000   Number         0  heapauxi.o ABSOLUTE
    ../clib/libinit.s                        0x00000000   Number         0  libinit.o ABSOLUTE
    ../clib/libinit.s                        0x00000000   Number         0  libshutdown.o ABSOLUTE
    ../clib/libinit.s                        0x00000000   Number         0  libshutdown2.o ABSOLUTE
    ../clib/libinit.s                        0x00000000   Number         0  libinit2.o ABSOLUTE
    ../clib/memcpset.s                       0x00000000   Number         0  rt_memcpy_w.o ABSOLUTE
    ../clib/memcpset.s                       0x00000000   Number         0  rt_memcpy.o ABSOLUTE
    ../clib/printf.c                         0x00000000   Number         0  __printf_flags_ss.o ABSOLUTE
    ../clib/printf.c                         0x00000000   Number         0  __printf_ss.o ABSOLUTE
    ../clib/printf.c                         0x00000000   Number         0  __printf_nopercent.o ABSOLUTE
    ../clib/printf.c                         0x00000000   Number         0  __printf.o ABSOLUTE
    ../clib/printf.c                         0x00000000   Number         0  __2sprintf.o ABSOLUTE
    ../clib/printf.c                         0x00000000   Number         0  _printf_char_common.o ABSOLUTE
    ../clib/printf.c                         0x00000000   Number         0  _sputc.o ABSOLUTE
    ../clib/printf.c                         0x00000000   Number         0  __printf_flags_ss_wp.o ABSOLUTE
    ../clib/printf.c                         0x00000000   Number         0  _printf_dec.o ABSOLUTE
    ../clib/printf.c                         0x00000000   Number         0  __printf_flags.o ABSOLUTE
    ../clib/printf.c                         0x00000000   Number         0  __printf_wp.o ABSOLUTE
    ../clib/printf.c                         0x00000000   Number         0  __printf_flags_wp.o ABSOLUTE
    ../clib/printf.c                         0x00000000   Number         0  noretval__2sprintf.o ABSOLUTE
    ../clib/printf.c                         0x00000000   Number         0  _printf_intcommon.o ABSOLUTE
    ../clib/printf.c                         0x00000000   Number         0  __printf_ss_wp.o ABSOLUTE
    ../clib/printf_percent.s                 0x00000000   Number         0  _printf_percent_end.o ABSOLUTE
    ../clib/printf_percent.s                 0x00000000   Number         0  _printf_d.o ABSOLUTE
    ../clib/printf_percent.s                 0x00000000   Number         0  _printf_percent.o ABSOLUTE
    ../clib/signal.c                         0x00000000   Number         0  defsig_other.o ABSOLUTE
    ../clib/signal.c                         0x00000000   Number         0  defsig_segv_inner.o ABSOLUTE
    ../clib/signal.c                         0x00000000   Number         0  defsig_cppl_inner.o ABSOLUTE
    ../clib/signal.c                         0x00000000   Number         0  defsig_fpe_formal.o ABSOLUTE
    ../clib/signal.c                         0x00000000   Number         0  defsig_fpe_inner.o ABSOLUTE
    ../clib/signal.c                         0x00000000   Number         0  defsig_rtmem_outer.o ABSOLUTE
    ../clib/signal.c                         0x00000000   Number         0  __raise.o ABSOLUTE
    ../clib/signal.c                         0x00000000   Number         0  defsig_general.o ABSOLUTE
    ../clib/signal.c                         0x00000000   Number         0  defsig_fpe_outer.o ABSOLUTE
    ../clib/signal.c                         0x00000000   Number         0  defsig_abrt_inner.o ABSOLUTE
    ../clib/signal.c                         0x00000000   Number         0  defsig_exit.o ABSOLUTE
    ../clib/signal.c                         0x00000000   Number         0  defsig_rtmem_inner.o ABSOLUTE
    ../clib/signal.c                         0x00000000   Number         0  defsig_rtmem_formal.o ABSOLUTE
    ../clib/signal.c                         0x00000000   Number         0  defsig_stak_inner.o ABSOLUTE
    ../clib/signal.c                         0x00000000   Number         0  defsig_pvfn_inner.o ABSOLUTE
    ../clib/signal.c                         0x00000000   Number         0  defsig_rtred_inner.o ABSOLUTE
    ../clib/signal.s                         0x00000000   Number         0  defsig.o ABSOLUTE
    ../clib/stdlib.c                         0x00000000   Number         0  exit.o ABSOLUTE
    ../clib/string.c                         0x00000000   Number         0  strlen.o ABSOLUTE
    ../fplib/fpinit.s                        0x00000000   Number         0  fpinit.o ABSOLUTE
    ..\FreeRTOS\Source\list.c                0x00000000   Number         0  list.o ABSOLUTE
    ..\FreeRTOS\Source\portable\MemMang\heap_2.c 0x00000000   Number         0  heap_2.o ABSOLUTE
    ..\FreeRTOS\Source\portable\RVDS\ARM7_LPC21xx\port.c 0x00000000   Number         0  port.o ABSOLUTE
    ..\FreeRTOS\Source\portable\RVDS\ARM7_LPC21xx\portASM.s 0x00000000   Number         0  portasm.o ABSOLUTE
    ..\FreeRTOS\Source\queue.c               0x00000000   Number         0  queue.o ABSOLUTE
    ..\FreeRTOS\Source\tasks.c               0x00000000   Number         0  tasks.o ABSOLUTE
    ParTest\ParTest.c                        0x00000000   Number         0  partest.o ABSOLUTE
    Startup.s                                0x00000000   Number         0  startup.o ABSOLUTE
    dc.s                                     0x00000000   Number         0  dc.o ABSOLUTE
    serial\serialISR.s                       0x00000000   Number         0  serialisr.o ABSOLUTE
    src\GPIO.c                               0x00000000   Number         0  gpio.o ABSOLUTE
    src\GPIO_cfg.c                           0x00000000   Number         0  gpio_cfg.o ABSOLUTE
    src\main.c                               0x00000000   Number         0  main.o ABSOLUTE
    src\serial.c                             0x00000000   Number         0  serial.o ABSOLUTE
    Undef_Handler                            0x00000040   ARM Code       4  startup.o(RESET)
    PAbt_Handler                             0x00000048   ARM Code       4  startup.o(RESET)
    DAbt_Handler                             0x0000004c   ARM Code       4  startup.o(RESET)
    IRQ_Handler                              0x00000050   ARM Code       4  startup.o(RESET)
    FIQ_Handler                              0x00000054   ARM Code       4  startup.o(RESET)
    !!!main                                  0x00000104   Section        8  __main.o(!!!main)
    !!!scatter                               0x0000010c   Section       60  __scatter.o(!!!scatter)
    !!handler_copy                           0x00000148   Section       40  __scatter_copy.o(!!handler_copy)
    !!handler_zi                             0x00000170   Section       44  __scatter_zi.o(!!handler_zi)
    .ARM.Collect$$_printf_percent$$00000000  0x000001a0   Section        0  _printf_percent.o(.ARM.Collect$$_printf_percent$$00000000)
    .ARM.Collect$$_printf_percent$$00000009  0x000001a0   Section        8  _printf_d.o(.ARM.Collect$$_printf_percent$$00000009)
    .ARM.Collect$$_printf_percent$$00000017  0x000001a8   Section        8  _printf_percent_end.o(.ARM.Collect$$_printf_percent$$00000017)
    .ARM.Collect$$libinit$$00000000          0x000001b8   Section        2  libinit.o(.ARM.Collect$$libinit$$00000000)
    .ARM.Collect$$libinit$$00000002          0x000001ba   Section        0  libinit2.o(.ARM.Collect$$libinit$$00000002)
    .ARM.Collect$$libinit$$00000004          0x000001ba   Section        0  libinit2.o(.ARM.Collect$$libinit$$00000004)
    .ARM.Collect$$libinit$$0000000A          0x000001ba   Section        0  libinit2.o(.ARM.Collect$$libinit$$0000000A)
    .ARM.Collect$$libinit$$0000000C          0x000001ba   Section        0  libinit2.o(.ARM.Collect$$libinit$$0000000C)
    .ARM.Collect$$libinit$$0000000E          0x000001ba   Section        0  libinit2.o(.ARM.Collect$$libinit$$0000000E)
    .ARM.Collect$$libinit$$00000011          0x000001ba   Section        0  libinit2.o(.ARM.Collect$$libinit$$00000011)
    .ARM.Collect$$libinit$$00000013          0x000001ba   Section        0  libinit2.o(.ARM.Collect$$libinit$$00000013)
    .ARM.Collect$$libinit$$00000015          0x000001ba   Section        0  libinit2.o(.ARM.Collect$$libinit$$00000015)
    .ARM.Collect$$libinit$$00000017          0x000001ba   Section        0  libinit2.o(.ARM.Collect$$libinit$$00000017)
    .ARM.Collect$$libinit$$00000019          0x000001ba   Section        0  libinit2.o(.ARM.Collect$$libinit$$00000019)
    .ARM.Collect$$libinit$$0000001B          0x000001ba   Section        0  libinit2.o(.ARM.Collect$$libinit$$0000001B)
    .ARM.Collect$$libinit$$0000001D          0x000001ba   Section        0  libinit2.o(.ARM.Collect$$libinit$$0000001D)
    .ARM.Collect$$libinit$$0000001F          0x000001ba   Section        0  libinit2.o(.ARM.Collect$$libinit$$0000001F)
    .ARM.Collect$$libinit$$00000021          0x000001ba   Section        0  libinit2.o(.ARM.Collect$$libinit$$00000021)
    .ARM.Collect$$libinit$$00000023          0x000001ba   Section        0  libinit2.o(.ARM.Collect$$libinit$$00000023)
    .ARM.Collect$$libinit$$00000025          0x000001ba   Section        0  libinit2.o(.ARM.Collect$$libinit$$00000025)
    .ARM.Collect$$libinit$$0000002C          0x000001ba   Section        0  libinit2.o(.ARM.Collect$$libinit$$0000002C)
    .ARM.Collect$$libinit$$0000002E          0x000001ba   Section        0  libinit2.o(.ARM.Collect$$libinit$$0000002E)
    .ARM.Collect$$libinit$$00000030          0x000001ba   Section        0  libinit2.o(.ARM.Collect$$libinit$$00000030)
    .ARM.Collect$$libinit$$00000032          0x000001ba   Section        0  libinit2.o(.ARM.Collect$$libinit$$00000032)
    .ARM.Collect$$libinit$$00000033          0x000001ba   Section       12  libinit2.o(.ARM.Collect$$libinit$$00000033)
    .ARM.Collect$$libshutdown$$00000000      0x000001d0   Section        4  libshutdown.o(.ARM.Collect$$libshutdown$$00000000)
    .ARM.Collect$$libshutdown$$00000002      0x000001d4   Section        0  libshutdown2.o(.ARM.Collect$$libshutdown$$00000002)
    .ARM.Collect$$libshutdown$$00000004      0x000001d4   Section        0  libshutdown2.o(.ARM.Collect$$libshutdown$$00000004)
    .ARM.Collect$$libshutdown$$00000007      0x000001d4   Section        0  libshutdown2.o(.ARM.Collect$$libshutdown$$00000007)
    .ARM.Collect$$libshutdown$$0000000A      0x000001d4   Section        0  libshutdown2.o(.ARM.Collect$$libshutdown$$0000000A)
    .ARM.Collect$$libshutdown$$0000000C      0x000001d4   Section        0  libshutdown2.o(.ARM.Collect$$libshutdown$$0000000C)
    .ARM.Collect$$libshutdown$$0000000F      0x000001d4   Section        0  libshutdown2.o(.ARM.Collect$$libshutdown$$0000000F)
    .ARM.Collect$$libshutdown$$00000010      0x000001d4   Section        6  libshutdown2.o(.ARM.Collect$$libshutdown$$00000010)
    .ARM.Collect$$rtentry$$00000000          0x000001dc   Section        0  __rtentry.o(.ARM.Collect$$rtentry$$00000000)
    .ARM.Collect$$rtentry$$00000002          0x000001dc   Section        0  __rtentry2.o(.ARM.Collect$$rtentry$$00000002)
    .ARM.Collect$$rtentry$$00000004          0x000001dc   Section        8  __rtentry4.o(.ARM.Collect$$rtentry$$00000004)
    .ARM.Collect$$rtentry$$00000009          0x000001e4   Section        0  __rtentry2.o(.ARM.Collect$$rtentry$$00000009)
    .ARM.Collect$$rtentry$$0000000A          0x000001e4   Section        4  __rtentry2.o(.ARM.Collect$$rtentry$$0000000A)
    .ARM.Collect$$rtentry$$0000000C          0x000001e8   Section        0  __rtentry2.o(.ARM.Collect$$rtentry$$0000000C)
    .ARM.Collect$$rtentry$$0000000D          0x000001e8   Section       40  __rtentry2.o(.ARM.Collect$$rtentry$$0000000D)
    .ARM.Collect$$rtexit$$00000000           0x00000214   Section        4  rtexit.o(.ARM.Collect$$rtexit$$00000000)
    .ARM.Collect$$rtexit$$00000002           0x00000218   Section        0  rtexit2.o(.ARM.Collect$$rtexit$$00000002)
    .ARM.Collect$$rtexit$$00000003           0x00000218   Section        4  rtexit2.o(.ARM.Collect$$rtexit$$00000003)
    .ARM.Collect$$rtexit$$00000004           0x0000021c   Section        8  rtexit2.o(.ARM.Collect$$rtexit$$00000004)
    .text                                    0x00000224   Section        0  tasks.o(.text)
    prvInitialiseTaskLists                   0x00000225   Thumb Code    72  tasks.o(.text)
    prvAddNewTaskToReadyList                 0x0000026d   Thumb Code   144  tasks.o(.text)
    prvInitialiseNewTask                     0x000002fd   Thumb Code   154  tasks.o(.text)
    prvResetNextTaskUnblockTime              0x000003f7   Thumb Code    46  tasks.o(.text)
    prvDeleteTCB                             0x00000425   Thumb Code    22  tasks.o(.text)
    prvAddCurrentTaskToDelayedList           0x000006c9   Thumb Code   104  tasks.o(.text)
    prvTaskIsTaskSuspended                   0x000009b9   Thumb Code    66  tasks.o(.text)
    prvCheckTasksWaitingTermination          0x00000af9   Thumb Code    64  tasks.o(.text)
    prvIdleTask                              0x00000b39   Thumb Code    20  tasks.o(.text)
    .text                                    0x000012f4   Section        0  list.o(.text)
    .text                                    0x0000138c   Section        0  queue.o(.text)
    prvInitialiseNewQueue                    0x00001409   Thumb Code    38  queue.o(.text)
    prvUnlockQueue                           0x0000146d   Thumb Code   150  queue.o(.text)
    prvIsQueueFull                           0x00001503   Thumb Code    34  queue.o(.text)
    prvCopyDataToQueue                       0x00001525   Thumb Code   132  queue.o(.text)
    prvInitialiseMutex                       0x000016a9   Thumb Code    36  queue.o(.text)
    prvIsQueueEmpty                          0x000017d9   Thumb Code    32  queue.o(.text)
    prvCopyDataFromQueue                     0x000017f9   Thumb Code    48  queue.o(.text)
    prvGetDisinheritPriorityAfterTimeout     0x0000191b   Thumb Code    22  queue.o(.text)
    .text                                    0x00001c6c   Section        0  port.o(.text)
    prvSetupTimerInterrupt                   0x00001ced   Thumb Code    60  port.o(.text)
    .text                                    0x00001dc4   Section        0  heap_2.o(.text)
    prvHeapInit                              0x00001dc5   Thumb Code    38  heap_2.o(.text)
    .text                                    0x00001ef4   Section       32  startup.o(.text)
    .text                                    0x00001f14   Section      148  serialisr.o(.text)
    .text                                    0x00001fa8   Section        0  gpio.o(.text)
    .text                                    0x00002104   Section        0  main.o(.text)
    task_uart_consumer                       0x00002105   Thumb Code   172  main.o(.text)
    notify_uart_consumer                     0x000021b1   Thumb Code    22  main.o(.text)
    task_btn_2_handler                       0x000021c7   Thumb Code    56  main.o(.text)
    task_btn_1_handler                       0x000021ff   Thumb Code    54  main.o(.text)
    task_uart_periodic_writer                0x00002235   Thumb Code    16  main.o(.text)
    configTimer1                             0x00002245   Thumb Code    22  main.o(.text)
    prvSetupHardware                         0x0000225b   Thumb Code    30  main.o(.text)
    .text                                    0x000023b8   Section        0  serial.o(.text)
    .text                                    0x00002558   Section        0  noretval__2sprintf.o(.text)
    .text                                    0x00002580   Section        0  __printf.o(.text)
    .text                                    0x00002600   Section        0  _printf_dec.o(.text)
    .text                                    0x00002670   Section        0  strlen.o(.text)
    .text                                    0x000026b8   Section      212  rt_memcpy.o(.text)
    .text                                    0x00002790   Section      384  aeabi_sdiv.o(.text)
    __arm_div8                               0x000027bc   ARM Code       0  aeabi_sdiv.o(.text)
    __arm_div5                               0x000027e0   ARM Code       0  aeabi_sdiv.o(.text)
    __arm_div2                               0x00002804   ARM Code       0  aeabi_sdiv.o(.text)
    __arm_div_large                          0x00002840   ARM Code       0  aeabi_sdiv.o(.text)
    .text                                    0x00002910   Section        0  heapauxi.o(.text)
    .text                                    0x00002916   Section        0  _printf_intcommon.o(.text)
    .text                                    0x000029d0   Section        0  _printf_char_common.o(.text)
    _printf_input_char                       0x000029d1   Thumb Code    10  _printf_char_common.o(.text)
    .text                                    0x00002a00   Section        0  _sputc.o(.text)
    .text                                    0x00002a0c   Section      100  rt_memcpy_w.o(.text)
    .text                                    0x00002a74   Section       44  rtudiv10.o(.text)
    .text                                    0x00002aa0   Section       96  sys_stackheap_outer.o(.text)
    .text                                    0x00002b00   Section        0  exit.o(.text)
    .text                                    0x00002b14   Section       12  libspace.o(.text)
    .text                                    0x00002b28   Section        0  sys_exit.o(.text)
    .text                                    0x00002b34   Section        4  use_no_semi.o(.text)
    .text                                    0x00002b38   Section        0  indicate_semi.o(.text)
    .text_udiv                               0x00002b3c   Section       36  aeabi_sdiv.o(.text_udiv)
    PORT_ASM                                 0x00002b64   Section      396  portasm.o(PORT_ASM)
    i.__ARM_common_call_via_r1               0x00002cf8   Section        0  __printf.o(i.__ARM_common_call_via_r1)
    i.__ARM_common_call_via_r2               0x00002cfa   Section        0  __printf.o(i.__ARM_common_call_via_r2)
    i.__ARM_common_disable_irq               0x00002d00   Section        0  tasks.o(i.__ARM_common_disable_irq)
    i.__ARM_common_enable_irq                0x00002d18   Section        0  port.o(i.__ARM_common_enable_irq)
    i.__ARM_common_switch8                   0x00002d2c   Section        0  tasks.o(i.__ARM_common_switch8)
    .constdata                               0x00002d4c   Section       20  main.o(.constdata)
    .conststring                             0x00002d60   Section       26  main.o(.conststring)
    .data                                    0x40000000   Section       60  tasks.o(.data)
    pxDelayedTaskList                        0x40000004   Data           4  tasks.o(.data)
    pxOverflowDelayedTaskList                0x40000008   Data           4  tasks.o(.data)
    uxDeletedTasksWaitingCleanUp             0x4000000c   Data           4  tasks.o(.data)
    uxCurrentNumberOfTasks                   0x40000010   Data           4  tasks.o(.data)
    xTickCount                               0x40000014   Data           4  tasks.o(.data)
    uxTopReadyPriority                       0x40000018   Data           4  tasks.o(.data)
    xSchedulerRunning                        0x4000001c   Data           4  tasks.o(.data)
    xPendedTicks                             0x40000020   Data           4  tasks.o(.data)
    xYieldPending                            0x40000024   Data           4  tasks.o(.data)
    xNumOfOverflows                          0x40000028   Data           4  tasks.o(.data)
    uxTaskNumber                             0x4000002c   Data           4  tasks.o(.data)
    xNextTaskUnblockTime                     0x40000030   Data           4  tasks.o(.data)
    xIdleTaskHandle                          0x40000034   Data           4  tasks.o(.data)
    uxSchedulerSuspended                     0x40000038   Data           4  tasks.o(.data)
    .data                                    0x4000003c   Section        4  port.o(.data)
    .data                                    0x40000040   Section       24  heap_2.o(.data)
    xStart                                   0x40000040   Data           8  heap_2.o(.data)
    xEnd                                     0x40000048   Data           8  heap_2.o(.data)
    xFreeBytesRemaining                      0x40000050   Data           4  heap_2.o(.data)
    xHeapHasBeenInitialised                  0x40000054   Data           4  heap_2.o(.data)
    .data                                    0x40000058   Section       92  gpio_cfg.o(.data)
    .data                                    0x400000b4   Section        8  main.o(.data)
    .data                                    0x400000bc   Section        4  serial.o(.data)
    .bss                                     0x400000c0   Section      180  tasks.o(.bss)
    pxReadyTasksLists                        0x400000c0   Data          80  tasks.o(.bss)
    xDelayedTaskList1                        0x40000110   Data          20  tasks.o(.bss)
    xDelayedTaskList2                        0x40000124   Data          20  tasks.o(.bss)
    xPendingReadyList                        0x40000138   Data          20  tasks.o(.bss)
    xTasksWaitingTermination                 0x4000014c   Data          20  tasks.o(.bss)
    xSuspendedTaskList                       0x40000160   Data          20  tasks.o(.bss)
    .bss                                     0x40000174   Section    13312  heap_2.o(.bss)
    ucHeap                                   0x40000174   Data       13312  heap_2.o(.bss)
    .bss                                     0x40003574   Section      200  serial.o(.bss)
    .bss                                     0x4000363c   Section       96  libspace.o(.bss)
    HEAP                                     0x400036a0   Section        0  startup.o(HEAP)
    STACK                                    0x400036a0   Section     1568  startup.o(STACK)
    Heap_Mem                                 0x400036a0   Data           0  startup.o(HEAP)
    Stack_Mem                                0x400036a0   Data        1568  startup.o(STACK)
    Stack_Top                                0x40003cc0   Data           0  startup.o(STACK)

    Global Symbols

    Symbol Name                              Value     Ov Type        Size  Object(Section)

    BuildAttributes$$THM_ISAv1$ARM_ISAv4$S$PE$A:L22$X:L11$S22$IEEE1$IW$USESV6$~STKCKD$USESV7$~SHL$OSPACE$ROPI$EBA8$UX$STANDARDLIB$REQ8$PRES8$EABIv2 0x00000000   Number         0  anon$$obj.o ABSOLUTE
    __ARM_use_no_argv                        0x00000000   Number         0  main.o ABSOLUTE
    __ARM_exceptions_init                     - Undefined Weak Reference
    __alloca_initialize                       - Undefined Weak Reference
    __arm_preinit_                            - Undefined Weak Reference
    __cpp_initialize__aeabi_                  - Undefined Weak Reference
    __cxa_finalize                            - Undefined Weak Reference
    __rt_locale                               - Undefined Weak Reference
    __sigvec_lookup                           - Undefined Weak Reference
    _atexit_init                              - Undefined Weak Reference
    _call_atexit_fns                          - Undefined Weak Reference
    _clock_init                               - Undefined Weak Reference
    _fp_trap_init                             - Undefined Weak Reference
    _fp_trap_shutdown                         - Undefined Weak Reference
    _get_lc_collate                           - Undefined Weak Reference
    _get_lc_ctype                             - Undefined Weak Reference
    _get_lc_monetary                          - Undefined Weak Reference
    _get_lc_numeric                           - Undefined Weak Reference
    _get_lc_time                              - Undefined Weak Reference
    _getenv_init                              - Undefined Weak Reference
    _handle_redirection                       - Undefined Weak Reference
    _init_alloc                               - Undefined Weak Reference
    _init_user_alloc                          - Undefined Weak Reference
    _initio                                   - Undefined Weak Reference
    _printf_post_padding                      - Undefined Weak Reference
    _printf_pre_padding                       - Undefined Weak Reference
    _printf_truncate_signed                   - Undefined Weak Reference
    _printf_truncate_unsigned                 - Undefined Weak Reference
    _rand_init                                - Undefined Weak Reference
    _signal_finish                            - Undefined Weak Reference
    _signal_init                              - Undefined Weak Reference
    _terminate_alloc                          - Undefined Weak Reference
    _terminate_user_alloc                     - Undefined Weak Reference
    _terminateio                              - Undefined Weak Reference
    Reset_Handler                            0x00000058   ARM Code       0  startup.o(RESET)
    __main                                   0x00000104   ARM Code       8  __main.o(!!!main)
    __scatterload                            0x0000010c   ARM Code       0  __scatter.o(!!!scatter)
    __scatterload_rt2                        0x0000010c   ARM Code      52  __scatter.o(!!!scatter)
    __scatterload_null                       0x00000120   ARM Code       0  __scatter.o(!!!scatter)
    __scatterload_copy                       0x00000148   ARM Code      40  __scatter_copy.o(!!handler_copy)
    __scatterload_zeroinit                   0x00000170   ARM Code      44  __scatter_zi.o(!!handler_zi)
    Inline Thumb to ARM Veneer to _printf_percent 0x0000019d   Thumb Code     4  _printf_percent.o(.ARM.Collect$$_printf_percent$$00000000)
    _printf_d                                0x000001a0   ARM Code       0  _printf_d.o(.ARM.Collect$$_printf_percent$$00000009)
    _printf_percent                          0x000001a0   ARM Code       0  _printf_percent.o(.ARM.Collect$$_printf_percent$$00000000)
    _printf_percent_end                      0x000001a8   ARM Code       0  _printf_percent_end.o(.ARM.Collect$$_printf_percent$$00000017)
    Inline ARM to Thumb Veneer to __rt_lib_init 0x000001b0   ARM Code       8  libinit.o(.ARM.Collect$$libinit$$00000000)
    __rt_lib_init                            0x000001b9   Thumb Code     0  libinit.o(.ARM.Collect$$libinit$$00000000)
    __rt_lib_init_alloca_1                   0x000001bb   Thumb Code     0  libinit2.o(.ARM.Collect$$libinit$$0000002E)
    __rt_lib_init_argv_1                     0x000001bb   Thumb Code     0  libinit2.o(.ARM.Collect$$libinit$$0000002C)
    __rt_lib_init_atexit_1                   0x000001bb   Thumb Code     0  libinit2.o(.ARM.Collect$$libinit$$0000001B)
    __rt_lib_init_clock_1                    0x000001bb   Thumb Code     0  libinit2.o(.ARM.Collect$$libinit$$00000021)
    __rt_lib_init_cpp_1                      0x000001bb   Thumb Code     0  libinit2.o(.ARM.Collect$$libinit$$00000032)
    __rt_lib_init_exceptions_1               0x000001bb   Thumb Code     0  libinit2.o(.ARM.Collect$$libinit$$00000030)
    __rt_lib_init_fp_1                       0x000001bb   Thumb Code     0  libinit2.o(.ARM.Collect$$libinit$$00000002)
    __rt_lib_init_fp_trap_1                  0x000001bb   Thumb Code     0  libinit2.o(.ARM.Collect$$libinit$$0000001F)
    __rt_lib_init_getenv_1                   0x000001bb   Thumb Code     0  libinit2.o(.ARM.Collect$$libinit$$00000023)
    __rt_lib_init_heap_1                     0x000001bb   Thumb Code     0  libinit2.o(.ARM.Collect$$libinit$$0000000A)
    __rt_lib_init_lc_collate_1               0x000001bb   Thumb Code     0  libinit2.o(.ARM.Collect$$libinit$$00000011)
    __rt_lib_init_lc_ctype_1                 0x000001bb   Thumb Code     0  libinit2.o(.ARM.Collect$$libinit$$00000013)
    __rt_lib_init_lc_monetary_1              0x000001bb   Thumb Code     0  libinit2.o(.ARM.Collect$$libinit$$00000015)
    __rt_lib_init_lc_numeric_1               0x000001bb   Thumb Code     0  libinit2.o(.ARM.Collect$$libinit$$00000017)
    __rt_lib_init_lc_time_1                  0x000001bb   Thumb Code     0  libinit2.o(.ARM.Collect$$libinit$$00000019)
    __rt_lib_init_preinit_1                  0x000001bb   Thumb Code     0  libinit2.o(.ARM.Collect$$libinit$$00000004)
    __rt_lib_init_rand_1                     0x000001bb   Thumb Code     0  libinit2.o(.ARM.Collect$$libinit$$0000000E)
    __rt_lib_init_return                     0x000001bb   Thumb Code     0  libinit2.o(.ARM.Collect$$libinit$$00000033)
    __rt_lib_init_signal_1                   0x000001bb   Thumb Code     0  libinit2.o(.ARM.Collect$$libinit$$0000001D)
    __rt_lib_init_stdio_1                    0x000001bb   Thumb Code     0  libinit2.o(.ARM.Collect$$libinit$$00000025)
    __rt_lib_init_user_alloc_1               0x000001bb   Thumb Code     0  libinit2.o(.ARM.Collect$$libinit$$0000000C)
    Inline ARM to Thumb Veneer to __rt_lib_shutdown 0x000001c8   ARM Code       8  libshutdown.o(.ARM.Collect$$libshutdown$$00000000)
    __rt_lib_shutdown                        0x000001d1   Thumb Code     0  libshutdown.o(.ARM.Collect$$libshutdown$$00000000)
    __rt_lib_shutdown_cpp_1                  0x000001d5   Thumb Code     0  libshutdown2.o(.ARM.Collect$$libshutdown$$00000002)
    __rt_lib_shutdown_fp_trap_1              0x000001d5   Thumb Code     0  libshutdown2.o(.ARM.Collect$$libshutdown$$00000007)
    __rt_lib_shutdown_heap_1                 0x000001d5   Thumb Code     0  libshutdown2.o(.ARM.Collect$$libshutdown$$0000000F)
    __rt_lib_shutdown_return                 0x000001d5   Thumb Code     0  libshutdown2.o(.ARM.Collect$$libshutdown$$00000010)
    __rt_lib_shutdown_signal_1               0x000001d5   Thumb Code     0  libshutdown2.o(.ARM.Collect$$libshutdown$$0000000A)
    __rt_lib_shutdown_stdio_1                0x000001d5   Thumb Code     0  libshutdown2.o(.ARM.Collect$$libshutdown$$00000004)
    __rt_lib_shutdown_user_alloc_1           0x000001d5   Thumb Code     0  libshutdown2.o(.ARM.Collect$$libshutdown$$0000000C)
    __rt_entry                               0x000001dc   ARM Code       0  __rtentry.o(.ARM.Collect$$rtentry$$00000000)
    __rt_entry_presh_1                       0x000001dc   ARM Code       0  __rtentry2.o(.ARM.Collect$$rtentry$$00000002)
    __rt_entry_sh                            0x000001dc   ARM Code       0  __rtentry4.o(.ARM.Collect$$rtentry$$00000004)
    __rt_entry_li                            0x000001e4   ARM Code       0  __rtentry2.o(.ARM.Collect$$rtentry$$0000000A)
    __rt_entry_postsh_1                      0x000001e4   ARM Code       0  __rtentry2.o(.ARM.Collect$$rtentry$$00000009)
    __rt_entry_main                          0x000001e8   ARM Code       0  __rtentry2.o(.ARM.Collect$$rtentry$$0000000D)
    __rt_entry_postli_1                      0x000001e8   ARM Code       0  __rtentry2.o(.ARM.Collect$$rtentry$$0000000C)
    Inline Thumb to ARM Veneer to __rt_exit  0x00000211   Thumb Code     4  rtexit.o(.ARM.Collect$$rtexit$$00000000)
    __rt_exit                                0x00000214   ARM Code       0  rtexit.o(.ARM.Collect$$rtexit$$00000000)
    __rt_exit_ls                             0x00000218   ARM Code       0  rtexit2.o(.ARM.Collect$$rtexit$$00000003)
    __rt_exit_prels_1                        0x00000218   ARM Code       0  rtexit2.o(.ARM.Collect$$rtexit$$00000002)
    __rt_exit_exit                           0x0000021c   ARM Code       0  rtexit2.o(.ARM.Collect$$rtexit$$00000004)
    xTaskCreate                              0x00000397   Thumb Code    96  tasks.o(.text)
    vTaskDelete                              0x0000043b   Thumb Code   130  tasks.o(.text)
    xTaskIncrementTick                       0x000004bd   Thumb Code   246  tasks.o(.text)
    xTaskResumeAll                           0x000005b3   Thumb Code   278  tasks.o(.text)
    vTaskSuspendAll                          0x00000731   Thumb Code    12  tasks.o(.text)
    vTaskDelayUntil                          0x0000073d   Thumb Code    96  tasks.o(.text)
    vTaskDelay                               0x0000079d   Thumb Code    42  tasks.o(.text)
    uxTaskPriorityGet                        0x000007c7   Thumb Code    36  tasks.o(.text)
    uxTaskPriorityGetFromISR                 0x000007eb   Thumb Code    26  tasks.o(.text)
    vTaskPrioritySet                         0x00000805   Thumb Code   198  tasks.o(.text)
    vTaskSwitchContext                       0x000008cb   Thumb Code    98  tasks.o(.text)
    vTaskSuspend                             0x0000092d   Thumb Code   140  tasks.o(.text)
    vTaskResume                              0x000009fb   Thumb Code    96  tasks.o(.text)
    xTaskResumeFromISR                       0x00000a5b   Thumb Code   158  tasks.o(.text)
    vTaskStartScheduler                      0x00000b4d   Thumb Code    60  tasks.o(.text)
    vTaskEndScheduler                        0x00000b89   Thumb Code    22  tasks.o(.text)
    xTaskGetTickCount                        0x00000b9f   Thumb Code    22  tasks.o(.text)
    xTaskGetTickCountFromISR                 0x00000bb5   Thumb Code     8  tasks.o(.text)
    uxTaskGetNumberOfTasks                   0x00000bbd   Thumb Code     6  tasks.o(.text)
    pcTaskGetName                            0x00000bc3   Thumb Code    22  tasks.o(.text)
    xTaskCatchUpTicks                        0x00000bd9   Thumb Code    34  tasks.o(.text)
    vTaskPlaceOnEventList                    0x00000bfb   Thumb Code    32  tasks.o(.text)
    vTaskPlaceOnUnorderedEventList           0x00000c1b   Thumb Code    46  tasks.o(.text)
    xTaskRemoveFromEventList                 0x00000c49   Thumb Code   106  tasks.o(.text)
    vTaskRemoveFromUnorderedEventList        0x00000cb3   Thumb Code    84  tasks.o(.text)
    vTaskSetTimeOutState                     0x00000d07   Thumb Code    30  tasks.o(.text)
    vTaskInternalSetTimeOutState             0x00000d25   Thumb Code    14  tasks.o(.text)
    xTaskCheckForTimeOut                     0x00000d33   Thumb Code    90  tasks.o(.text)
    vTaskMissedYield                         0x00000d8d   Thumb Code     8  tasks.o(.text)
    xTaskGetCurrentTaskHandle                0x00000d95   Thumb Code     6  tasks.o(.text)
    xTaskPriorityInherit                     0x00000d9b   Thumb Code   154  tasks.o(.text)
    xTaskPriorityDisinherit                  0x00000e35   Thumb Code    92  tasks.o(.text)
    vTaskPriorityDisinheritAfterTimeout      0x00000e91   Thumb Code   206  tasks.o(.text)
    uxTaskResetEventItemValue                0x00000f5f   Thumb Code    24  tasks.o(.text)
    pvTaskIncrementMutexHeldCount            0x00000f77   Thumb Code    28  tasks.o(.text)
    ulTaskNotifyTake                         0x00000f93   Thumb Code   106  tasks.o(.text)
    xTaskNotifyWait                          0x00000ffd   Thumb Code   142  tasks.o(.text)
    xTaskGenericNotify                       0x0000108b   Thumb Code   170  tasks.o(.text)
    xTaskGenericNotifyFromISR                0x00001135   Thumb Code   200  tasks.o(.text)
    vTaskNotifyGiveFromISR                   0x000011fd   Thumb Code   120  tasks.o(.text)
    xTaskNotifyStateClear                    0x00001275   Thumb Code    54  tasks.o(.text)
    ulTaskNotifyValueClear                   0x000012ab   Thumb Code    48  tasks.o(.text)
    vListInitialise                          0x000012f5   Thumb Code    26  list.o(.text)
    vListInitialiseItem                      0x0000130f   Thumb Code     6  list.o(.text)
    vListInsertEnd                           0x00001315   Thumb Code    24  list.o(.text)
    vListInsert                              0x0000132d   Thumb Code    56  list.o(.text)
    uxListRemove                             0x00001365   Thumb Code    40  list.o(.text)
    xQueueGenericReset                       0x0000138d   Thumb Code   124  queue.o(.text)
    xQueueGenericCreate                      0x0000142f   Thumb Code    62  queue.o(.text)
    xQueueGenericSend                        0x000015a9   Thumb Code   256  queue.o(.text)
    xQueueCreateMutex                        0x000016cd   Thumb Code    34  queue.o(.text)
    xQueueGenericSendFromISR                 0x000016ef   Thumb Code   126  queue.o(.text)
    xQueueGiveFromISR                        0x0000176d   Thumb Code   108  queue.o(.text)
    xQueueReceive                            0x00001829   Thumb Code   242  queue.o(.text)
    xQueueSemaphoreTake                      0x00001931   Thumb Code   302  queue.o(.text)
    xQueuePeek                               0x00001a5f   Thumb Code   246  queue.o(.text)
    xQueueReceiveFromISR                     0x00001b55   Thumb Code   118  queue.o(.text)
    xQueuePeekFromISR                        0x00001bcb   Thumb Code    44  queue.o(.text)
    uxQueueMessagesWaiting                   0x00001bf7   Thumb Code    22  queue.o(.text)
    uxQueueSpacesAvailable                   0x00001c0d   Thumb Code    28  queue.o(.text)
    uxQueueMessagesWaitingFromISR            0x00001c29   Thumb Code     8  queue.o(.text)
    vQueueDelete                             0x00001c31   Thumb Code    18  queue.o(.text)
    xQueueIsQueueEmptyFromISR                0x00001c43   Thumb Code    18  queue.o(.text)
    xQueueIsQueueFullFromISR                 0x00001c55   Thumb Code    24  queue.o(.text)
    pxPortInitialiseStack                    0x00001c6d   Thumb Code   128  port.o(.text)
    xPortStartScheduler                      0x00001d29   Thumb Code    18  port.o(.text)
    vPortEndScheduler                        0x00001d3b   Thumb Code     2  port.o(.text)
    vPortEnterCritical                       0x00001d3d   Thumb Code    22  port.o(.text)
    vPortExitCritical                        0x00001d53   Thumb Code    38  port.o(.text)
    pvPortMalloc                             0x00001deb   Thumb Code   170  heap_2.o(.text)
    vPortFree                                0x00001e95   Thumb Code    62  heap_2.o(.text)
    xPortGetFreeHeapSize                     0x00001ed3   Thumb Code     6  heap_2.o(.text)
    vPortInitialiseBlocks                    0x00001ed9   Thumb Code     2  heap_2.o(.text)
    __user_initial_stackheap                 0x00001ef4   ARM Code       0  startup.o(.text)
    vUART_ISREntry                           0x00001f14   ARM Code       0  serialisr.o(.text)
    GPIO_init                                0x00001fa9   Thumb Code   198  gpio.o(.text)
    GPIO_read                                0x0000206f   Thumb Code    40  gpio.o(.text)
    GPIO_write                               0x00002097   Thumb Code    96  gpio.o(.text)
    main                                     0x00002279   Thumb Code   122  main.o(.text)
    timer1Reset                              0x000022f3   Thumb Code    26  main.o(.text)
    xSerialPortInitMinimal                   0x000023b9   Thumb Code   124  serial.o(.text)
    xSerialGetChar                           0x00002435   Thumb Code    34  serial.o(.text)
    xSerialPutChar                           0x00002457   Thumb Code     6  serial.o(.text)
    vSerialPutString                         0x0000245d   Thumb Code    84  serial.o(.text)
    vUART_ISRHandler                         0x000024b1   Thumb Code   120  serial.o(.text)
    __2sprintf                               0x00002559   Thumb Code    36  noretval__2sprintf.o(.text)
    __printf                                 0x00002581   Thumb Code   118  __printf.o(.text)
    Inline ARM to Thumb Veneer to _printf_int_dec 0x000025f8   ARM Code       8  _printf_dec.o(.text)
    _printf_int_dec                          0x00002601   Thumb Code    94  _printf_dec.o(.text)
    strlen                                   0x00002671   Thumb Code    64  strlen.o(.text)
    Inline Thumb to ARM Veneer to __aeabi_memcpy 0x000026b5   Thumb Code     4  rt_memcpy.o(.text)
    __aeabi_memcpy                           0x000026b8   ARM Code       0  rt_memcpy.o(.text)
    __rt_memcpy                              0x000026b8   ARM Code     212  rt_memcpy.o(.text)
    _memcpy_lastbytes                        0x0000276c   ARM Code       0  rt_memcpy.o(.text)
    Inline Thumb to ARM Veneer to __aeabi_idivmod 0x0000278d   Thumb Code     4  aeabi_sdiv.o(.text)
    __aeabi_idiv                             0x00002790   ARM Code       0  aeabi_sdiv.o(.text)
    __aeabi_idivmod                          0x00002790   ARM Code     384  aeabi_sdiv.o(.text)
    __use_two_region_memory                  0x00002911   Thumb Code     2  heapauxi.o(.text)
    __rt_heap_escrow$2region                 0x00002913   Thumb Code     2  heapauxi.o(.text)
    __rt_heap_expand$2region                 0x00002915   Thumb Code     2  heapauxi.o(.text)
    _printf_int_common                       0x00002917   Thumb Code   186  _printf_intcommon.o(.text)
    _printf_char_common                      0x000029db   Thumb Code    34  _printf_char_common.o(.text)
    _sputc                                   0x00002a01   Thumb Code    10  _sputc.o(.text)
    __aeabi_memcpy4                          0x00002a0c   ARM Code       0  rt_memcpy_w.o(.text)
    __aeabi_memcpy8                          0x00002a0c   ARM Code       0  rt_memcpy_w.o(.text)
    __rt_memcpy_w                            0x00002a0c   ARM Code     100  rt_memcpy_w.o(.text)
    _memcpy_lastbytes_aligned                0x00002a58   ARM Code       0  rt_memcpy_w.o(.text)
    Inline Thumb to ARM Veneer to __rt_udiv10 0x00002a71   Thumb Code     4  rtudiv10.o(.text)
    __rt_udiv10                              0x00002a74   ARM Code      44  rtudiv10.o(.text)
    __user_setup_stackheap                   0x00002aa0   ARM Code      96  sys_stackheap_outer.o(.text)
    exit                                     0x00002b01   Thumb Code    20  exit.o(.text)
    __user_libspace                          0x00002b14   ARM Code      12  libspace.o(.text)
    __user_perproc_libspace                  0x00002b14   ARM Code       0  libspace.o(.text)
    __user_perthread_libspace                0x00002b14   ARM Code       0  libspace.o(.text)
    Inline ARM to Thumb Veneer to _sys_exit  0x00002b20   ARM Code       8  sys_exit.o(.text)
    _sys_exit                                0x00002b29   Thumb Code     8  sys_exit.o(.text)
    __I$use$semihosting                      0x00002b34   ARM Code       0  use_no_semi.o(.text)
    __use_no_semihosting_swi                 0x00002b34   ARM Code       4  use_no_semi.o(.text)
    Inline Thumb to ARM Veneer to __aeabi_uidivmod 0x00002b39   Thumb Code     4  aeabi_sdiv.o(.text_udiv)
    __semihosting_library_function           0x00002b38   ARM Code       0  indicate_semi.o(.text)
    __aeabi_uidiv                            0x00002b3c   ARM Code       0  aeabi_sdiv.o(.text_udiv)
    __aeabi_uidivmod                         0x00002b3c   ARM Code      36  aeabi_sdiv.o(.text_udiv)
    Inline Thumb to ARM Veneer to vPortStartFirstTask 0x00002b61   Thumb Code     4  portasm.o(PORT_ASM)
    vPortStartFirstTask                      0x00002b64   ARM Code       0  portasm.o(PORT_ASM)
    vPortYield                               0x00002b94   ARM Code       0  portasm.o(PORT_ASM)
    vPortYieldProcessor                      0x00002b9c   ARM Code       0  portasm.o(PORT_ASM)
    vPreemptiveTick                          0x00002c28   ARM Code       0  portasm.o(PORT_ASM)
    Short Thumb to ARM Veneer to vPortYield  0x00002cf1   Thumb Code     8  anon$$obj.o(Veneer$$Code)
    __ARM_common_call_via_r1                 0x00002cf9   Thumb Code     2  __printf.o(i.__ARM_common_call_via_r1)
    __ARM_common_call_via_r2                 0x00002cfb   Thumb Code     2  __printf.o(i.__ARM_common_call_via_r2)
    Inline Thumb to ARM Veneer to __ARM_common_disable_irq 0x00002cfd   Thumb Code     4  tasks.o(i.__ARM_common_disable_irq)
    __ARM_common_disable_irq                 0x00002d00   ARM Code      20  tasks.o(i.__ARM_common_disable_irq)
    Inline Thumb to ARM Veneer to __ARM_common_enable_irq 0x00002d15   Thumb Code     4  port.o(i.__ARM_common_enable_irq)
    __ARM_common_enable_irq                  0x00002d18   ARM Code      16  port.o(i.__ARM_common_enable_irq)
    Inline Thumb to ARM Veneer to __ARM_common_switch8 0x00002d29   Thumb Code     4  tasks.o(i.__ARM_common_switch8)
    __ARM_common_switch8                     0x00002d2c   ARM Code      32  tasks.o(i.__ARM_common_switch8)
    Region$$Table$$Base                      0x00002d7c   Number         0  anon$$obj.o(Region$$Table)
    Region$$Table$$Limit                     0x00002d9c   Number         0  anon$$obj.o(Region$$Table)
    pxCurrentTCB                             0x40000000   Data           4  tasks.o(.data)
    ulCriticalNesting                        0x4000003c   Data           4  port.o(.data)
    PinConfig_array                          0x40000058   Data          90  gpio_cfg.o(.data)
    PinConfig_array_size                     0x400000b2   Data           2  gpio_cfg.o(.data)
    gl_TaskHandle_uart_consumer              0x400000b4   Data           4  main.o(.data)
    gl_uart_queue                            0x400000b8   Data           4  main.o(.data)
    receivedChar                             0x400000bc   Data           1  serial.o(.data)
    isNewCharAvailable                       0x400000bd   Data           1  serial.o(.data)
    txDataSizeToSend                         0x400000be   Data           1  serial.o(.data)
    txDataSizeLeftToSend                     0x400000bf   Data           1  serial.o(.data)
    txBuffer                                 0x40003574   Data         200  serial.o(.bss)
    __libspace_start                         0x4000363c   Data          96  libspace.o(.bss)
    __temporary_stack_top$libspace           0x4000369c   Data           0  libspace.o(.bss)



==============================================================================

Memory Map of the image

  Image Entry point : 0x00000104

  Load Region LR_IROM1 (Base: 0x00000000, Size: 0x00002e5c, Max: 0x00040000, ABSOLUTE)

    Execution Region ER_IROM1 (Exec base: 0x00000000, Load base: 0x00000000, Size: 0x00002d9c, Max: 0x00040000, ABSOLUTE)

    Exec Addr    Load Addr    Size         Type   Attr      Idx    E Section Name        Object

    0x00000000   0x00000000   0x00000104   Code   RO          139    RESET               startup.o
    0x00000104   0x00000104   0x00000008   Code   RO          307  * !!!main             c_t.l(__main.o)
    0x0000010c   0x0000010c   0x0000003c   Code   RO          491    !!!scatter          c_t.l(__scatter.o)
    0x00000148   0x00000148   0x00000028   Code   RO          493    !!handler_copy      c_t.l(__scatter_copy.o)
    0x00000170   0x00000170   0x0000002c   Code   RO          495    !!handler_zi        c_t.l(__scatter_zi.o)
    0x0000019c   0x0000019c   0x00000004   Ven    RO          284    .ARM.Collect$$_printf_percent$$00000000  c_t.l(_printf_percent.o)
    0x000001a0   0x000001a0   0x00000000   Code   RO          284    .ARM.Collect$$_printf_percent$$00000000  c_t.l(_printf_percent.o)
    0x000001a0   0x000001a0   0x00000008   Code   RO          283    .ARM.Collect$$_printf_percent$$00000009  c_t.l(_printf_d.o)
    0x000001a8   0x000001a8   0x00000008   Code   RO          320    .ARM.Collect$$_printf_percent$$00000017  c_t.l(_printf_percent_end.o)
    0x000001b0   0x000001b0   0x00000008   Ven    RO          361    .ARM.Collect$$libinit$$00000000  c_t.l(libinit.o)
    0x000001b8   0x000001b8   0x00000002   Code   RO          361    .ARM.Collect$$libinit$$00000000  c_t.l(libinit.o)
    0x000001ba   0x000001ba   0x00000000   Code   RO          374    .ARM.Collect$$libinit$$00000002  c_t.l(libinit2.o)
    0x000001ba   0x000001ba   0x00000000   Code   RO          376    .ARM.Collect$$libinit$$00000004  c_t.l(libinit2.o)
    0x000001ba   0x000001ba   0x00000000   Code   RO          379    .ARM.Collect$$libinit$$0000000A  c_t.l(libinit2.o)
    0x000001ba   0x000001ba   0x00000000   Code   RO          381    .ARM.Collect$$libinit$$0000000C  c_t.l(libinit2.o)
    0x000001ba   0x000001ba   0x00000000   Code   RO          383    .ARM.Collect$$libinit$$0000000E  c_t.l(libinit2.o)
    0x000001ba   0x000001ba   0x00000000   Code   RO          386    .ARM.Collect$$libinit$$00000011  c_t.l(libinit2.o)
    0x000001ba   0x000001ba   0x00000000   Code   RO          388    .ARM.Collect$$libinit$$00000013  c_t.l(libinit2.o)
    0x000001ba   0x000001ba   0x00000000   Code   RO          390    .ARM.Collect$$libinit$$00000015  c_t.l(libinit2.o)
    0x000001ba   0x000001ba   0x00000000   Code   RO          392    .ARM.Collect$$libinit$$00000017  c_t.l(libinit2.o)
    0x000001ba   0x000001ba   0x00000000   Code   RO          394    .ARM.Collect$$libinit$$00000019  c_t.l(libinit2.o)
    0x000001ba   0x000001ba   0x00000000   Code   RO          396    .ARM.Collect$$libinit$$0000001B  c_t.l(libinit2.o)
    0x000001ba   0x000001ba   0x00000000   Code   RO          398    .ARM.Collect$$libinit$$0000001D  c_t.l(libinit2.o)
    0x000001ba   0x000001ba   0x00000000   Code   RO          400    .ARM.Collect$$libinit$$0000001F  c_t.l(libinit2.o)
    0x000001ba   0x000001ba   0x00000000   Code   RO          402    .ARM.Collect$$libinit$$00000021  c_t.l(libinit2.o)
    0x000001ba   0x000001ba   0x00000000   Code   RO          404    .ARM.Collect$$libinit$$00000023  c_t.l(libinit2.o)
    0x000001ba   0x000001ba   0x00000000   Code   RO          406    .ARM.Collect$$libinit$$00000025  c_t.l(libinit2.o)
    0x000001ba   0x000001ba   0x00000000   Code   RO          410    .ARM.Collect$$libinit$$0000002C  c_t.l(libinit2.o)
    0x000001ba   0x000001ba   0x00000000   Code   RO          412    .ARM.Collect$$libinit$$0000002E  c_t.l(libinit2.o)
    0x000001ba   0x000001ba   0x00000000   Code   RO          414    .ARM.Collect$$libinit$$00000030  c_t.l(libinit2.o)
    0x000001ba   0x000001ba   0x00000000   Code   RO          416    .ARM.Collect$$libinit$$00000032  c_t.l(libinit2.o)
    0x000001ba   0x000001ba   0x0000000c   Code   RO          417    .ARM.Collect$$libinit$$00000033  c_t.l(libinit2.o)
    0x000001c6   0x000001c6   0x00000002   PAD
    0x000001c8   0x000001c8   0x00000008   Ven    RO          448    .ARM.Collect$$libshutdown$$00000000  c_t.l(libshutdown.o)
    0x000001d0   0x000001d0   0x00000004   Code   RO          448    .ARM.Collect$$libshutdown$$00000000  c_t.l(libshutdown.o)
    0x000001d4   0x000001d4   0x00000000   Code   RO          474    .ARM.Collect$$libshutdown$$00000002  c_t.l(libshutdown2.o)
    0x000001d4   0x000001d4   0x00000000   Code   RO          476    .ARM.Collect$$libshutdown$$00000004  c_t.l(libshutdown2.o)
    0x000001d4   0x000001d4   0x00000000   Code   RO          479    .ARM.Collect$$libshutdown$$00000007  c_t.l(libshutdown2.o)
    0x000001d4   0x000001d4   0x00000000   Code   RO          482    .ARM.Collect$$libshutdown$$0000000A  c_t.l(libshutdown2.o)
    0x000001d4   0x000001d4   0x00000000   Code   RO          484    .ARM.Collect$$libshutdown$$0000000C  c_t.l(libshutdown2.o)
    0x000001d4   0x000001d4   0x00000000   Code   RO          487    .ARM.Collect$$libshutdown$$0000000F  c_t.l(libshutdown2.o)
    0x000001d4   0x000001d4   0x00000006   Code   RO          488    .ARM.Collect$$libshutdown$$00000010  c_t.l(libshutdown2.o)
    0x000001da   0x000001da   0x00000002   PAD
    0x000001dc   0x000001dc   0x00000000   Code   RO          309    .ARM.Collect$$rtentry$$00000000  c_t.l(__rtentry.o)
    0x000001dc   0x000001dc   0x00000000   Code   RO          326    .ARM.Collect$$rtentry$$00000002  c_t.l(__rtentry2.o)
    0x000001dc   0x000001dc   0x00000008   Code   RO          338    .ARM.Collect$$rtentry$$00000004  c_t.l(__rtentry4.o)
    0x000001e4   0x000001e4   0x00000000   Code   RO          328    .ARM.Collect$$rtentry$$00000009  c_t.l(__rtentry2.o)
    0x000001e4   0x000001e4   0x00000004   Code   RO          329    .ARM.Collect$$rtentry$$0000000A  c_t.l(__rtentry2.o)
    0x000001e8   0x000001e8   0x00000000   Code   RO          331    .ARM.Collect$$rtentry$$0000000C  c_t.l(__rtentry2.o)
    0x000001e8   0x000001e8   0x00000028   Code   RO          332    .ARM.Collect$$rtentry$$0000000D  c_t.l(__rtentry2.o)
    0x00000210   0x00000210   0x00000004   Ven    RO          365    .ARM.Collect$$rtexit$$00000000  c_t.l(rtexit.o)
    0x00000214   0x00000214   0x00000004   Code   RO          365    .ARM.Collect$$rtexit$$00000000  c_t.l(rtexit.o)
    0x00000218   0x00000218   0x00000000   Code   RO          421    .ARM.Collect$$rtexit$$00000002  c_t.l(rtexit2.o)
    0x00000218   0x00000218   0x00000004   Code   RO          422    .ARM.Collect$$rtexit$$00000003  c_t.l(rtexit2.o)
    0x0000021c   0x0000021c   0x00000008   Code   RO          423    .ARM.Collect$$rtexit$$00000004  c_t.l(rtexit2.o)
    0x00000224   0x00000224   0x000010d0   Code   RO            6    .text               tasks.o
    0x000012f4   0x000012f4   0x00000098   Code   RO           75    .text               list.o
    0x0000138c   0x0000138c   0x000008e0   Code   RO           87    .text               queue.o
    0x00001c6c   0x00001c6c   0x00000158   Code   RO          105    .text               port.o
    0x00001dc4   0x00001dc4   0x00000130   Code   RO          122    .text               heap_2.o
    0x00001ef4   0x00001ef4   0x00000020   Code   RO          140    .text               startup.o
    0x00001f14   0x00001f14   0x00000094   Code   RO          169    .text               serialisr.o
    0x00001fa8   0x00001fa8   0x0000015c   Code   RO          172    .text               gpio.o
    0x00002104   0x00002104   0x000002b4   Code   RO          206    .text               main.o
    0x000023b8   0x000023b8   0x000001a0   Code   RO          233    .text               serial.o
    0x00002558   0x00002558   0x00000028   Code   RO          253    .text               c_t.l(noretval__2sprintf.o)
    0x00002580   0x00002580   0x00000076   Code   RO          255    .text               c_t.l(__printf.o)
    0x000025f6   0x000025f6   0x00000002   PAD
    0x000025f8   0x000025f8   0x00000008   Ven    RO          261    .text               c_t.l(_printf_dec.o)
    0x00002600   0x00002600   0x00000070   Code   RO          261    .text               c_t.l(_printf_dec.o)
    0x00002670   0x00002670   0x00000044   Code   RO          285    .text               c_t.l(strlen.o)
    0x000026b4   0x000026b4   0x00000004   Ven    RO          287    .text               c_t.l(rt_memcpy.o)
    0x000026b8   0x000026b8   0x000000d4   Code   RO          287    .text               c_t.l(rt_memcpy.o)
    0x0000278c   0x0000278c   0x00000004   Ven    RO          289    .text               c_t.l(aeabi_sdiv.o)
    0x00002790   0x00002790   0x00000180   Code   RO          289    .text               c_t.l(aeabi_sdiv.o)
    0x00002910   0x00002910   0x00000006   Code   RO          305    .text               c_t.l(heapauxi.o)
    0x00002916   0x00002916   0x000000ba   Code   RO          314    .text               c_t.l(_printf_intcommon.o)
    0x000029d0   0x000029d0   0x00000030   Code   RO          316    .text               c_t.l(_printf_char_common.o)
    0x00002a00   0x00002a00   0x0000000a   Code   RO          318    .text               c_t.l(_sputc.o)
    0x00002a0a   0x00002a0a   0x00000002   PAD
    0x00002a0c   0x00002a0c   0x00000064   Code   RO          321    .text               c_t.l(rt_memcpy_w.o)
    0x00002a70   0x00002a70   0x00000004   Ven    RO          323    .text               c_t.l(rtudiv10.o)
    0x00002a74   0x00002a74   0x0000002c   Code   RO          323    .text               c_t.l(rtudiv10.o)
    0x00002aa0   0x00002aa0   0x00000060   Code   RO          348    .text               c_t.l(sys_stackheap_outer.o)
    0x00002b00   0x00002b00   0x00000014   Code   RO          350    .text               c_t.l(exit.o)
    0x00002b14   0x00002b14   0x0000000c   Code   RO          362    .text               c_t.l(libspace.o)
    0x00002b20   0x00002b20   0x00000008   Ven    RO          418    .text               c_t.l(sys_exit.o)
    0x00002b28   0x00002b28   0x0000000c   Code   RO          418    .text               c_t.l(sys_exit.o)
    0x00002b34   0x00002b34   0x00000004   Code   RO          437    .text               c_t.l(use_no_semi.o)
    0x00002b38   0x00002b38   0x00000000   Code   RO          439    .text               c_t.l(indicate_semi.o)
    0x00002b38   0x00002b38   0x00000004   Ven    RO          290    .text_udiv          c_t.l(aeabi_sdiv.o)
    0x00002b3c   0x00002b3c   0x00000024   Code   RO          290    .text_udiv          c_t.l(aeabi_sdiv.o)
    0x00002b60   0x00002b60   0x00000004   Ven    RO            1    PORT_ASM            portasm.o
    0x00002b64   0x00002b64   0x0000018c   Code   RO            1    PORT_ASM            portasm.o
    0x00002cf0   0x00002cf0   0x00000008   Ven    RO          511    Veneer$$Code        anon$$obj.o
    0x00002cf8   0x00002cf8   0x00000002   Code   RO          259    i.__ARM_common_call_via_r1  c_t.l(__printf.o)
    0x00002cfa   0x00002cfa   0x00000002   Code   RO          257    i.__ARM_common_call_via_r2  c_t.l(__printf.o)
    0x00002cfc   0x00002cfc   0x00000004   Ven    RO           21    i.__ARM_common_disable_irq  tasks.o
    0x00002d00   0x00002d00   0x00000014   Code   RO           21    i.__ARM_common_disable_irq  tasks.o
    0x00002d14   0x00002d14   0x00000004   Ven    RO          117    i.__ARM_common_enable_irq  port.o
    0x00002d18   0x00002d18   0x00000010   Code   RO          117    i.__ARM_common_enable_irq  port.o
    0x00002d28   0x00002d28   0x00000004   Ven    RO           19    i.__ARM_common_switch8  tasks.o
    0x00002d2c   0x00002d2c   0x00000020   Code   RO           19    i.__ARM_common_switch8  tasks.o
    0x00002d4c   0x00002d4c   0x00000014   Data   RO          207    .constdata          main.o
    0x00002d60   0x00002d60   0x0000001a   Data   RO          208    .conststring        main.o
    0x00002d7a   0x00002d7a   0x00000002   PAD
    0x00002d7c   0x00002d7c   0x00000020   Data   RO          489    Region$$Table       anon$$obj.o


    Execution Region RW_IRAM1 (Exec base: 0x40000000, Load base: 0x00002d9c, Size: 0x00003cc0, Max: 0x00004000, ABSOLUTE)

    Exec Addr    Load Addr    Size         Type   Attr      Idx    E Section Name        Object

    0x40000000   0x00002d9c   0x0000003c   Data   RW            8    .data               tasks.o
    0x4000003c   0x00002dd8   0x00000004   Data   RW          106    .data               port.o
    0x40000040   0x00002ddc   0x00000018   Data   RW          124    .data               heap_2.o
    0x40000058   0x00002df4   0x0000005c   Data   RW          194    .data               gpio_cfg.o
    0x400000b4   0x00002e50   0x00000008   Data   RW          209    .data               main.o
    0x400000bc   0x00002e58   0x00000004   Data   RW          235    .data               serial.o
    0x400000c0        -       0x000000b4   Zero   RW            7    .bss                tasks.o
    0x40000174        -       0x00003400   Zero   RW          123    .bss                heap_2.o
    0x40003574        -       0x000000c8   Zero   RW          234    .bss                serial.o
    0x4000363c        -       0x00000060   Zero   RW          363    .bss                c_t.l(libspace.o)
    0x4000369c   0x00002e5c   0x00000004   PAD
    0x400036a0        -       0x00000000   Zero   RW          138    HEAP                startup.o
    0x400036a0        -       0x00000620   Zero   RW          137    STACK               startup.o


==============================================================================

Image component sizes


      Code (inc. data)   RO Data    RW Data    ZI Data      Debug   Object Name

       348         14          0          0          0       1561   gpio.o
         0          0          0         92          0        983   gpio_cfg.o
       304         26          0         24      13312       3280   heap_2.o
       152          0          0          0          0       1870   list.o
       692        172         46          8          0       5943   main.o
       360         76          0          4          0       3095   port.o
       396         24          0          0          0        396   portasm.o
      2272          0          0          0          0      18272   queue.o
       416         48          0          4        200       3642   serial.o
       148         12          0          0          0        260   serialisr.o
       292         60          0          0       1568        556   startup.o
      4356        252          0         60        180      37190   tasks.o

    ----------------------------------------------------------------------
      9760        684         80        192      15260      77048   Object Totals
        24          0         32          0          0          0   (incl. Generated)
         0          0          2          0          0          0   (incl. Padding)

    ----------------------------------------------------------------------

      Code (inc. data)   RO Data    RW Data    ZI Data      Debug   Library Member Name

         8          0          0          0          0         68   __main.o
       122          0          0          0          0        208   __printf.o
         0          0          0          0          0          0   __rtentry.o
        44          4          0          0          0          0   __rtentry2.o
         8          0          0          0          0          0   __rtentry4.o
        60          8          0          0          0          0   __scatter.o
        40          0          0          0          0          0   __scatter_copy.o
        44          0          0          0          0          0   __scatter_zi.o
        48          4          0          0          0         96   _printf_char_common.o
         8          0          0          0          0          0   _printf_d.o
       120         18          0          0          0         88   _printf_dec.o
       186          0          0          0          0         96   _printf_intcommon.o
         4          0          0          0          0          0   _printf_percent.o
         8          0          0          0          0          0   _printf_percent_end.o
        10          0          0          0          0         60   _sputc.o
       428          0          0          0          0        148   aeabi_sdiv.o
        20          0          0          0          0         80   exit.o
         6          0          0          0          0        136   heapauxi.o
         0          0          0          0          0          0   indicate_semi.o
        10          0          0          0          0          0   libinit.o
        12          0          0          0          0          0   libinit2.o
        12          0          0          0          0          0   libshutdown.o
         6          0          0          0          0          0   libshutdown2.o
        12          4          0          0         96         68   libspace.o
        40          4          0          0          0         84   noretval__2sprintf.o
       216          0          0          0          0         68   rt_memcpy.o
       100          0          0          0          0         80   rt_memcpy_w.o
         8          0          0          0          0          0   rtexit.o
        12          0          0          0          0          0   rtexit2.o
        48          0          0          0          0         68   rtudiv10.o
        68          4          0          0          0         76   strlen.o
        20          4          0          0          0         60   sys_exit.o
        96          0          0          0          0         80   sys_stackheap_outer.o
         4          0          0          0          0         68   use_no_semi.o

    ----------------------------------------------------------------------
      1836         50          0          0        100       1632   Library Totals
         8          0          0          0          4          0   (incl. Padding)

    ----------------------------------------------------------------------

      Code (inc. data)   RO Data    RW Data    ZI Data      Debug   Library Name

      1828         50          0          0         96       1632   c_t.l

    ----------------------------------------------------------------------
      1836         50          0          0        100       1632   Library Totals

    ----------------------------------------------------------------------

==============================================================================


      Code (inc. data)   RO Data    RW Data    ZI Data      Debug   

     11596        734         80        192      15360      77264   Grand Totals
     11596        734         80        192      15360      77264   ELF Image Totals
     11596        734         80        192          0          0   ROM Totals

==============================================================================

    Total RO  Size (Code + RO Data)                11676 (  11.40kB)
    Total RW  Size (RW Data + ZI Data)             15552 (  15.19kB)
    Total ROM Size (Code + RO Data + RW Data)      11868 (  11.59kB)

==============================================================================

